// Jest Snapshot v1, https://goo.gl/fbAQLP

exports[`Test in <GifItem/> should do match with the snapshot 1`] = `
<div>
  <div
    class="card"
  >
    <img
      alt="hi"
      src="https://one-punch.com/hi.jpg"
    />
    <p>
      hi
    </p>
  </div>
</div>
`;
